// Jest Snapshot v1, https://goo.gl/fbAQLP

exports[`Header Component testing Desktop Header matches the snapshot 1`] = `
<DocumentFragment>
  <style
    data-mantine-styles="classes"
  >
    @media (max-width: 35.99375em) {.mantine-visible-from-xs {display: none !important;}}@media (min-width: 36em) {.mantine-hidden-from-xs {display: none !important;}}@media (max-width: 47.99375em) {.mantine-visible-from-sm {display: none !important;}}@media (min-width: 48em) {.mantine-hidden-from-sm {display: none !important;}}@media (max-width: 61.99375em) {.mantine-visible-from-md {display: none !important;}}@media (min-width: 62em) {.mantine-hidden-from-md {display: none !important;}}@media (max-width: 74.99375em) {.mantine-visible-from-lg {display: none !important;}}@media (min-width: 75em) {.mantine-hidden-from-lg {display: none !important;}}@media (max-width: 87.99375em) {.mantine-visible-from-xl {display: none !important;}}@media (min-width: 88em) {.mantine-hidden-from-xl {display: none !important;}}
  </style>
  <style
    data-mantine-styles="classes"
  >
    @media (max-width: 35.99375em) {.mantine-visible-from-xs {display: none !important;}}@media (min-width: 36em) {.mantine-hidden-from-xs {display: none !important;}}@media (max-width: 47.99375em) {.mantine-visible-from-sm {display: none !important;}}@media (min-width: 48em) {.mantine-hidden-from-sm {display: none !important;}}@media (max-width: 61.99375em) {.mantine-visible-from-md {display: none !important;}}@media (min-width: 62em) {.mantine-hidden-from-md {display: none !important;}}@media (max-width: 74.99375em) {.mantine-visible-from-lg {display: none !important;}}@media (min-width: 75em) {.mantine-hidden-from-lg {display: none !important;}}@media (max-width: 87.99375em) {.mantine-visible-from-xl {display: none !important;}}@media (min-width: 88em) {.mantine-hidden-from-xl {display: none !important;}}
  </style>
  <header
    class="header"
    role="header"
  >
    <div
      class="inner m-7485cace mantine-Container-root"
      data-size="md"
      style="--container-size: var(--container-size-md);"
    >
      <div
        class="m-4081bf90 mantine-Group-root"
        style="--group-gap: var(--mantine-spacing-md); --group-align: center; --group-justify: flex-start; --group-wrap: wrap;"
      >
        <img
          alt="ROE LINE logo"
          class="m-9e117634 mantine-Image-root"
          data-testid="logo"
          src="/img.jpg"
          style="--image-object-fit: contain;"
        />
      </div>
      <div
        class="m-4451eb3a mantine-Center-root mantine-visible-from-sm"
      >
        <button
          class="mantine-focus-auto mantine-active link m-77c9d27d mantine-Button-root m-87cf2631 mantine-UnstyledButton-root"
          data-variant="gradient"
          id="Our Carriers Button"
          style="--button-bg: linear-gradient(45deg, var(--mantine-color-orange-filled) 0%, var(--mantine-color-yellow-filled) 100%); --button-hover: linear-gradient(45deg, var(--mantine-color-orange-filled) 0%, var(--mantine-color-yellow-filled) 100%); --button-color: var(--mantine-color-white); --button-bd: none; font-weight: 900;"
          type="button"
        >
          <span
            class="m-80f1301b mantine-Button-inner"
          >
            <span
              class="m-811560b9 mantine-Button-label"
            >
              <p
                class="mantine-focus-auto m-b6d8b162 mantine-Text-root"
              >
                Our Carriers
              </p>
            </span>
          </span>
        </button>
        <button
          class="mantine-focus-auto mantine-active link m-77c9d27d mantine-Button-root m-87cf2631 mantine-UnstyledButton-root"
          data-variant="gradient"
          id="Our Expertise Button"
          style="--button-bg: linear-gradient(45deg, var(--mantine-color-orange-filled) 0%, var(--mantine-color-yellow-filled) 100%); --button-hover: linear-gradient(45deg, var(--mantine-color-orange-filled) 0%, var(--mantine-color-yellow-filled) 100%); --button-color: var(--mantine-color-white); --button-bd: none; font-weight: 900;"
          type="button"
        >
          <span
            class="m-80f1301b mantine-Button-inner"
          >
            <span
              class="m-811560b9 mantine-Button-label"
            >
              <p
                class="mantine-focus-auto m-b6d8b162 mantine-Text-root"
              >
                Our Expertise
              </p>
            </span>
          </span>
        </button>
        <button
          class="mantine-focus-auto mantine-active link m-77c9d27d mantine-Button-root m-87cf2631 mantine-UnstyledButton-root"
          data-variant="gradient"
          id="Contact Us Button"
          style="--button-bg: linear-gradient(45deg, var(--mantine-color-orange-filled) 0%, var(--mantine-color-yellow-filled) 100%); --button-hover: linear-gradient(45deg, var(--mantine-color-orange-filled) 0%, var(--mantine-color-yellow-filled) 100%); --button-color: var(--mantine-color-white); --button-bd: none; font-weight: 900;"
          type="button"
        >
          <span
            class="m-80f1301b mantine-Button-inner"
          >
            <span
              class="m-811560b9 mantine-Button-label"
            >
              <p
                class="mantine-focus-auto m-b6d8b162 mantine-Text-root"
              >
                Contact Us
              </p>
            </span>
          </span>
        </button>
        <button
          class="mantine-focus-auto mantine-active link m-77c9d27d mantine-Button-root m-87cf2631 mantine-UnstyledButton-root"
          data-variant="gradient"
          id="changeThemeButton"
          name="changeThemeButton"
          style="--button-bg: linear-gradient(90deg, var(--mantine-color-orange-filled) 0%, var(--mantine-color-yellow-filled) 100%); --button-hover: linear-gradient(90deg, var(--mantine-color-orange-filled) 0%, var(--mantine-color-yellow-filled) 100%); --button-color: var(--mantine-color-white); --button-bd: none;"
          type="button"
        >
          <span
            class="m-80f1301b mantine-Button-inner"
          >
            <span
              class="m-811560b9 mantine-Button-label"
            >
              <svg
                class="icon light"
                fill="none"
                height="24"
                stroke="currentColor"
                stroke-linecap="round"
                stroke-linejoin="round"
                stroke-width="1.5"
                viewBox="0 0 24 24"
                width="24"
                xmlns="http://www.w3.org/2000/svg"
              >
                <path
                  d="M12 12m-4 0a4 4 0 1 0 8 0a4 4 0 1 0 -8 0"
                />
                <path
                  d="M3 12h1m8 -9v1m8 8h1m-9 8v1m-6.4 -15.4l.7 .7m12.1 -.7l-.7 .7m0 11.4l.7 .7m-12.1 -.7l-.7 .7"
                />
              </svg>
              <svg
                class="icon dark"
                fill="none"
                height="24"
                stroke="currentColor"
                stroke-linecap="round"
                stroke-linejoin="round"
                stroke-width="1.5"
                viewBox="0 0 24 24"
                width="24"
                xmlns="http://www.w3.org/2000/svg"
              >
                <path
                  d="M12 3c.132 0 .263 0 .393 0a7.5 7.5 0 0 0 7.92 12.446a9 9 0 1 1 -8.313 -12.454z"
                />
              </svg>
            </span>
          </span>
        </button>
      </div>
      <button
        class="mantine-focus-auto m-fea6bf1a mantine-Burger-root m-87cf2631 mantine-UnstyledButton-root mantine-hidden-from-sm"
        data-size="lg"
        style="--burger-size: var(--burger-size-lg);"
        type="button"
      >
        <div
          class="m-d4fb9cad mantine-Burger-burger"
          data-reduce-motion="true"
        />
      </button>
    </div>
  </header>
</DocumentFragment>
`;

exports[`Header Component testing matches the snapshot 1`] = `
<DocumentFragment>
  <style
    data-mantine-styles="classes"
  >
    @media (max-width: 35.99375em) {.mantine-visible-from-xs {display: none !important;}}@media (min-width: 36em) {.mantine-hidden-from-xs {display: none !important;}}@media (max-width: 47.99375em) {.mantine-visible-from-sm {display: none !important;}}@media (min-width: 48em) {.mantine-hidden-from-sm {display: none !important;}}@media (max-width: 61.99375em) {.mantine-visible-from-md {display: none !important;}}@media (min-width: 62em) {.mantine-hidden-from-md {display: none !important;}}@media (max-width: 74.99375em) {.mantine-visible-from-lg {display: none !important;}}@media (min-width: 75em) {.mantine-hidden-from-lg {display: none !important;}}@media (max-width: 87.99375em) {.mantine-visible-from-xl {display: none !important;}}@media (min-width: 88em) {.mantine-hidden-from-xl {display: none !important;}}
  </style>
  <style
    data-mantine-styles="classes"
  >
    @media (max-width: 35.99375em) {.mantine-visible-from-xs {display: none !important;}}@media (min-width: 36em) {.mantine-hidden-from-xs {display: none !important;}}@media (max-width: 47.99375em) {.mantine-visible-from-sm {display: none !important;}}@media (min-width: 48em) {.mantine-hidden-from-sm {display: none !important;}}@media (max-width: 61.99375em) {.mantine-visible-from-md {display: none !important;}}@media (min-width: 62em) {.mantine-hidden-from-md {display: none !important;}}@media (max-width: 74.99375em) {.mantine-visible-from-lg {display: none !important;}}@media (min-width: 75em) {.mantine-hidden-from-lg {display: none !important;}}@media (max-width: 87.99375em) {.mantine-visible-from-xl {display: none !important;}}@media (min-width: 88em) {.mantine-hidden-from-xl {display: none !important;}}
  </style>
  <header
    class="header"
    role="header"
  >
    <div
      class="inner m-7485cace mantine-Container-root"
      data-size="md"
      style="--container-size: var(--container-size-md);"
    >
      <div
        class="m-4081bf90 mantine-Group-root"
        style="--group-gap: var(--mantine-spacing-md); --group-align: center; --group-justify: flex-start; --group-wrap: wrap;"
      >
        <img
          alt="ROE LINE logo"
          class="m-9e117634 mantine-Image-root"
          data-testid="logo"
          src="/img.jpg"
          style="--image-object-fit: contain;"
        />
      </div>
      <div
        class="m-4451eb3a mantine-Center-root mantine-visible-from-sm"
      >
        <button
          class="mantine-focus-auto mantine-active link m-77c9d27d mantine-Button-root m-87cf2631 mantine-UnstyledButton-root"
          data-variant="gradient"
          id="Our Carriers Button"
          style="--button-bg: linear-gradient(45deg, var(--mantine-color-orange-filled) 0%, var(--mantine-color-yellow-filled) 100%); --button-hover: linear-gradient(45deg, var(--mantine-color-orange-filled) 0%, var(--mantine-color-yellow-filled) 100%); --button-color: var(--mantine-color-white); --button-bd: none; font-weight: 900;"
          type="button"
        >
          <span
            class="m-80f1301b mantine-Button-inner"
          >
            <span
              class="m-811560b9 mantine-Button-label"
            >
              <p
                class="mantine-focus-auto m-b6d8b162 mantine-Text-root"
              >
                Our Carriers
              </p>
            </span>
          </span>
        </button>
        <button
          class="mantine-focus-auto mantine-active link m-77c9d27d mantine-Button-root m-87cf2631 mantine-UnstyledButton-root"
          data-variant="gradient"
          id="Our Expertise Button"
          style="--button-bg: linear-gradient(45deg, var(--mantine-color-orange-filled) 0%, var(--mantine-color-yellow-filled) 100%); --button-hover: linear-gradient(45deg, var(--mantine-color-orange-filled) 0%, var(--mantine-color-yellow-filled) 100%); --button-color: var(--mantine-color-white); --button-bd: none; font-weight: 900;"
          type="button"
        >
          <span
            class="m-80f1301b mantine-Button-inner"
          >
            <span
              class="m-811560b9 mantine-Button-label"
            >
              <p
                class="mantine-focus-auto m-b6d8b162 mantine-Text-root"
              >
                Our Expertise
              </p>
            </span>
          </span>
        </button>
        <button
          class="mantine-focus-auto mantine-active link m-77c9d27d mantine-Button-root m-87cf2631 mantine-UnstyledButton-root"
          data-variant="gradient"
          id="Contact Us Button"
          style="--button-bg: linear-gradient(45deg, var(--mantine-color-orange-filled) 0%, var(--mantine-color-yellow-filled) 100%); --button-hover: linear-gradient(45deg, var(--mantine-color-orange-filled) 0%, var(--mantine-color-yellow-filled) 100%); --button-color: var(--mantine-color-white); --button-bd: none; font-weight: 900;"
          type="button"
        >
          <span
            class="m-80f1301b mantine-Button-inner"
          >
            <span
              class="m-811560b9 mantine-Button-label"
            >
              <p
                class="mantine-focus-auto m-b6d8b162 mantine-Text-root"
              >
                Contact Us
              </p>
            </span>
          </span>
        </button>
        <button
          class="mantine-focus-auto mantine-active link m-77c9d27d mantine-Button-root m-87cf2631 mantine-UnstyledButton-root"
          data-variant="gradient"
          id="changeThemeButton"
          name="changeThemeButton"
          style="--button-bg: linear-gradient(90deg, var(--mantine-color-orange-filled) 0%, var(--mantine-color-yellow-filled) 100%); --button-hover: linear-gradient(90deg, var(--mantine-color-orange-filled) 0%, var(--mantine-color-yellow-filled) 100%); --button-color: var(--mantine-color-white); --button-bd: none;"
          type="button"
        >
          <span
            class="m-80f1301b mantine-Button-inner"
          >
            <span
              class="m-811560b9 mantine-Button-label"
            >
              <svg
                class="icon light"
                fill="none"
                height="24"
                stroke="currentColor"
                stroke-linecap="round"
                stroke-linejoin="round"
                stroke-width="1.5"
                viewBox="0 0 24 24"
                width="24"
                xmlns="http://www.w3.org/2000/svg"
              >
                <path
                  d="M12 12m-4 0a4 4 0 1 0 8 0a4 4 0 1 0 -8 0"
                />
                <path
                  d="M3 12h1m8 -9v1m8 8h1m-9 8v1m-6.4 -15.4l.7 .7m12.1 -.7l-.7 .7m0 11.4l.7 .7m-12.1 -.7l-.7 .7"
                />
              </svg>
              <svg
                class="icon dark"
                fill="none"
                height="24"
                stroke="currentColor"
                stroke-linecap="round"
                stroke-linejoin="round"
                stroke-width="1.5"
                viewBox="0 0 24 24"
                width="24"
                xmlns="http://www.w3.org/2000/svg"
              >
                <path
                  d="M12 3c.132 0 .263 0 .393 0a7.5 7.5 0 0 0 7.92 12.446a9 9 0 1 1 -8.313 -12.454z"
                />
              </svg>
            </span>
          </span>
        </button>
      </div>
      <button
        class="mantine-focus-auto m-fea6bf1a mantine-Burger-root m-87cf2631 mantine-UnstyledButton-root mantine-hidden-from-sm"
        data-size="lg"
        style="--burger-size: var(--burger-size-lg);"
        type="button"
      >
        <div
          class="m-d4fb9cad mantine-Burger-burger"
          data-reduce-motion="true"
        />
      </button>
    </div>
  </header>
</DocumentFragment>
`;

exports[`matches the snapshot 1`] = `
<DocumentFragment>
  <style
    data-mantine-styles="classes"
  >
    @media (max-width: 35.99375em) {.mantine-visible-from-xs {display: none !important;}}@media (min-width: 36em) {.mantine-hidden-from-xs {display: none !important;}}@media (max-width: 47.99375em) {.mantine-visible-from-sm {display: none !important;}}@media (min-width: 48em) {.mantine-hidden-from-sm {display: none !important;}}@media (max-width: 61.99375em) {.mantine-visible-from-md {display: none !important;}}@media (min-width: 62em) {.mantine-hidden-from-md {display: none !important;}}@media (max-width: 74.99375em) {.mantine-visible-from-lg {display: none !important;}}@media (min-width: 75em) {.mantine-hidden-from-lg {display: none !important;}}@media (max-width: 87.99375em) {.mantine-visible-from-xl {display: none !important;}}@media (min-width: 88em) {.mantine-hidden-from-xl {display: none !important;}}
  </style>
  <style
    data-mantine-styles="classes"
  >
    @media (max-width: 35.99375em) {.mantine-visible-from-xs {display: none !important;}}@media (min-width: 36em) {.mantine-hidden-from-xs {display: none !important;}}@media (max-width: 47.99375em) {.mantine-visible-from-sm {display: none !important;}}@media (min-width: 48em) {.mantine-hidden-from-sm {display: none !important;}}@media (max-width: 61.99375em) {.mantine-visible-from-md {display: none !important;}}@media (min-width: 62em) {.mantine-hidden-from-md {display: none !important;}}@media (max-width: 74.99375em) {.mantine-visible-from-lg {display: none !important;}}@media (min-width: 75em) {.mantine-hidden-from-lg {display: none !important;}}@media (max-width: 87.99375em) {.mantine-visible-from-xl {display: none !important;}}@media (min-width: 88em) {.mantine-hidden-from-xl {display: none !important;}}
  </style>
  <header
    class="header"
    role="header"
  >
    <div
      class="inner m-7485cace mantine-Container-root"
      data-size="md"
      style="--container-size: var(--container-size-md);"
    >
      <div
        class="m-4081bf90 mantine-Group-root"
        style="--group-gap: var(--mantine-spacing-md); --group-align: center; --group-justify: flex-start; --group-wrap: wrap;"
      >
        <img
          alt="ROE LINE logo"
          class="m-9e117634 mantine-Image-root"
          data-testid="logo"
          src="/img.jpg"
          style="--image-object-fit: contain;"
        />
      </div>
      <div
        class="m-4451eb3a mantine-Center-root mantine-visible-from-sm"
      >
        <button
          class="mantine-focus-auto mantine-active link m-77c9d27d mantine-Button-root m-87cf2631 mantine-UnstyledButton-root"
          data-variant="gradient"
          id="Our Carriers Button"
          style="--button-bg: linear-gradient(45deg, var(--mantine-color-orange-filled) 0%, var(--mantine-color-yellow-filled) 100%); --button-hover: linear-gradient(45deg, var(--mantine-color-orange-filled) 0%, var(--mantine-color-yellow-filled) 100%); --button-color: var(--mantine-color-white); --button-bd: none; font-weight: 900;"
          type="button"
        >
          <span
            class="m-80f1301b mantine-Button-inner"
          >
            <span
              class="m-811560b9 mantine-Button-label"
            >
              <p
                class="mantine-focus-auto m-b6d8b162 mantine-Text-root"
              >
                Our Carriers
              </p>
            </span>
          </span>
        </button>
        <button
          class="mantine-focus-auto mantine-active link m-77c9d27d mantine-Button-root m-87cf2631 mantine-UnstyledButton-root"
          data-variant="gradient"
          id="Our Expertise Button"
          style="--button-bg: linear-gradient(45deg, var(--mantine-color-orange-filled) 0%, var(--mantine-color-yellow-filled) 100%); --button-hover: linear-gradient(45deg, var(--mantine-color-orange-filled) 0%, var(--mantine-color-yellow-filled) 100%); --button-color: var(--mantine-color-white); --button-bd: none; font-weight: 900;"
          type="button"
        >
          <span
            class="m-80f1301b mantine-Button-inner"
          >
            <span
              class="m-811560b9 mantine-Button-label"
            >
              <p
                class="mantine-focus-auto m-b6d8b162 mantine-Text-root"
              >
                Our Expertise
              </p>
            </span>
          </span>
        </button>
        <button
          class="mantine-focus-auto mantine-active link m-77c9d27d mantine-Button-root m-87cf2631 mantine-UnstyledButton-root"
          data-variant="gradient"
          id="Contact Us Button"
          style="--button-bg: linear-gradient(45deg, var(--mantine-color-orange-filled) 0%, var(--mantine-color-yellow-filled) 100%); --button-hover: linear-gradient(45deg, var(--mantine-color-orange-filled) 0%, var(--mantine-color-yellow-filled) 100%); --button-color: var(--mantine-color-white); --button-bd: none; font-weight: 900;"
          type="button"
        >
          <span
            class="m-80f1301b mantine-Button-inner"
          >
            <span
              class="m-811560b9 mantine-Button-label"
            >
              <p
                class="mantine-focus-auto m-b6d8b162 mantine-Text-root"
              >
                Contact Us
              </p>
            </span>
          </span>
        </button>
        <button
          class="mantine-focus-auto mantine-active link m-77c9d27d mantine-Button-root m-87cf2631 mantine-UnstyledButton-root"
          data-variant="gradient"
          id="changeThemeButton"
          name="changeThemeButton"
          style="--button-bg: linear-gradient(90deg, var(--mantine-color-orange-filled) 0%, var(--mantine-color-yellow-filled) 100%); --button-hover: linear-gradient(90deg, var(--mantine-color-orange-filled) 0%, var(--mantine-color-yellow-filled) 100%); --button-color: var(--mantine-color-white); --button-bd: none;"
          type="button"
        >
          <span
            class="m-80f1301b mantine-Button-inner"
          >
            <span
              class="m-811560b9 mantine-Button-label"
            >
              <svg
                class="icon light"
                fill="none"
                height="24"
                stroke="currentColor"
                stroke-linecap="round"
                stroke-linejoin="round"
                stroke-width="1.5"
                viewBox="0 0 24 24"
                width="24"
                xmlns="http://www.w3.org/2000/svg"
              >
                <path
                  d="M12 12m-4 0a4 4 0 1 0 8 0a4 4 0 1 0 -8 0"
                />
                <path
                  d="M3 12h1m8 -9v1m8 8h1m-9 8v1m-6.4 -15.4l.7 .7m12.1 -.7l-.7 .7m0 11.4l.7 .7m-12.1 -.7l-.7 .7"
                />
              </svg>
              <svg
                class="icon dark"
                fill="none"
                height="24"
                stroke="currentColor"
                stroke-linecap="round"
                stroke-linejoin="round"
                stroke-width="1.5"
                viewBox="0 0 24 24"
                width="24"
                xmlns="http://www.w3.org/2000/svg"
              >
                <path
                  d="M12 3c.132 0 .263 0 .393 0a7.5 7.5 0 0 0 7.92 12.446a9 9 0 1 1 -8.313 -12.454z"
                />
              </svg>
            </span>
          </span>
        </button>
      </div>
      <button
        class="mantine-focus-auto m-fea6bf1a mantine-Burger-root m-87cf2631 mantine-UnstyledButton-root mantine-hidden-from-sm"
        data-size="lg"
        style="--burger-size: var(--burger-size-lg);"
        type="button"
      >
        <div
          class="m-d4fb9cad mantine-Burger-burger"
          data-reduce-motion="true"
        />
      </button>
    </div>
  </header>
</DocumentFragment>
`;
